// Jest Snapshot v1, https://goo.gl/fbAQLP

exports[`add will match snapshot 1`] = `
Object {
  "asFragment": [Function],
  "baseElement": <body>
    <div>
      <div
        class="newPage"
      >
        <h1>
          Create Poll
        </h1>
        <p>
          Would you rather
        </p>
        <form>
          <label
            for=""
          >
            First Option
          </label>
          <input
            id="fname"
            name="fname"
            type="text"
            value=""
          />
          <label
            for=""
          >
            Second Option
          </label>
          <input
            id="fname"
            name="fname"
            type="text"
            value=""
          />
          <button
            type="submit"
          >
            Submit
          </button>
        </form>
      </div>
    </div>
  </body>,
  "container": <div>
    <div
      class="newPage"
    >
      <h1>
        Create Poll
      </h1>
      <p>
        Would you rather
      </p>
      <form>
        <label
          for=""
        >
          First Option
        </label>
        <input
          id="fname"
          name="fname"
          type="text"
          value=""
        />
        <label
          for=""
        >
          Second Option
        </label>
        <input
          id="fname"
          name="fname"
          type="text"
          value=""
        />
        <button
          type="submit"
        >
          Submit
        </button>
      </form>
    </div>
  </div>,
  "debug": [Function],
  "findAllByAltText": [Function],
  "findAllByDisplayValue": [Function],
  "findAllByLabelText": [Function],
  "findAllByPlaceholderText": [Function],
  "findAllByRole": [Function],
  "findAllByTestId": [Function],
  "findAllByText": [Function],
  "findAllByTitle": [Function],
  "findByAltText": [Function],
  "findByDisplayValue": [Function],
  "findByLabelText": [Function],
  "findByPlaceholderText": [Function],
  "findByRole": [Function],
  "findByTestId": [Function],
  "findByText": [Function],
  "findByTitle": [Function],
  "getAllByAltText": [Function],
  "getAllByDisplayValue": [Function],
  "getAllByLabelText": [Function],
  "getAllByPlaceholderText": [Function],
  "getAllByRole": [Function],
  "getAllByTestId": [Function],
  "getAllByText": [Function],
  "getAllByTitle": [Function],
  "getByAltText": [Function],
  "getByDisplayValue": [Function],
  "getByLabelText": [Function],
  "getByPlaceholderText": [Function],
  "getByRole": [Function],
  "getByTestId": [Function],
  "getByText": [Function],
  "getByTitle": [Function],
  "queryAllByAltText": [Function],
  "queryAllByDisplayValue": [Function],
  "queryAllByLabelText": [Function],
  "queryAllByPlaceholderText": [Function],
  "queryAllByRole": [Function],
  "queryAllByTestId": [Function],
  "queryAllByText": [Function],
  "queryAllByTitle": [Function],
  "queryByAltText": [Function],
  "queryByDisplayValue": [Function],
  "queryByLabelText": [Function],
  "queryByPlaceholderText": [Function],
  "queryByRole": [Function],
  "queryByTestId": [Function],
  "queryByText": [Function],
  "queryByTitle": [Function],
  "rerender": [Function],
  "unmount": [Function],
}
`;
