// Jest Snapshot v1, https://goo.gl/fbAQLP

exports[`leaderboard will match snapshot 1`] = `
Object {
  "asFragment": [Function],
  "baseElement": <body>
    <div>
      <div
        class="leaderboardPage"
      >
        <h1>
          Leaderboard Page
        </h1>
        <table
          class=""
        >
          <thead
            class=""
          >
            <tr
              class=""
            >
              <th
                class=""
              >
                Avatar
              </th>
              <th
                class=""
              >
                Name
              </th>
              <th
                class=""
              >
                Answered
              </th>
              <th
                class=""
              >
                Created
              </th>
            </tr>
          </thead>
          <tbody
            class=""
          />
        </table>
      </div>
    </div>
  </body>,
  "container": <div>
    <div
      class="leaderboardPage"
    >
      <h1>
        Leaderboard Page
      </h1>
      <table
        class=""
      >
        <thead
          class=""
        >
          <tr
            class=""
          >
            <th
              class=""
            >
              Avatar
            </th>
            <th
              class=""
            >
              Name
            </th>
            <th
              class=""
            >
              Answered
            </th>
            <th
              class=""
            >
              Created
            </th>
          </tr>
        </thead>
        <tbody
          class=""
        />
      </table>
    </div>
  </div>,
  "debug": [Function],
  "findAllByAltText": [Function],
  "findAllByDisplayValue": [Function],
  "findAllByLabelText": [Function],
  "findAllByPlaceholderText": [Function],
  "findAllByRole": [Function],
  "findAllByTestId": [Function],
  "findAllByText": [Function],
  "findAllByTitle": [Function],
  "findByAltText": [Function],
  "findByDisplayValue": [Function],
  "findByLabelText": [Function],
  "findByPlaceholderText": [Function],
  "findByRole": [Function],
  "findByTestId": [Function],
  "findByText": [Function],
  "findByTitle": [Function],
  "getAllByAltText": [Function],
  "getAllByDisplayValue": [Function],
  "getAllByLabelText": [Function],
  "getAllByPlaceholderText": [Function],
  "getAllByRole": [Function],
  "getAllByTestId": [Function],
  "getAllByText": [Function],
  "getAllByTitle": [Function],
  "getByAltText": [Function],
  "getByDisplayValue": [Function],
  "getByLabelText": [Function],
  "getByPlaceholderText": [Function],
  "getByRole": [Function],
  "getByTestId": [Function],
  "getByText": [Function],
  "getByTitle": [Function],
  "queryAllByAltText": [Function],
  "queryAllByDisplayValue": [Function],
  "queryAllByLabelText": [Function],
  "queryAllByPlaceholderText": [Function],
  "queryAllByRole": [Function],
  "queryAllByTestId": [Function],
  "queryAllByText": [Function],
  "queryAllByTitle": [Function],
  "queryByAltText": [Function],
  "queryByDisplayValue": [Function],
  "queryByLabelText": [Function],
  "queryByPlaceholderText": [Function],
  "queryByRole": [Function],
  "queryByTestId": [Function],
  "queryByText": [Function],
  "queryByTitle": [Function],
  "rerender": [Function],
  "unmount": [Function],
}
`;
