// Jest Snapshot v1, https://goo.gl/fbAQLP

exports[`Login will verify that the login component is rendering correctly 1`] = `
Object {
  "asFragment": [Function],
  "baseElement": <body>
    <div>
      <div
        class="loginPage"
      >
        <h1>
          Login
        </h1>
        <div
          class="login__img"
        >
          <img
            alt=""
            src="./images/avatars.png"
          />
        </div>
        <form>
          <label
            for=""
          >
            User
          </label>
          <input
            data-testid="name-input"
            id="fname"
            name="fname"
            type="text"
            value="sarahedo"
          />
          <label
            for=""
          >
            Password
          </label>
          <input
            data-testid="password-input"
            id="fname"
            name="fname"
            type="text"
            value="password123"
          />
          <button
            data-testid="submit-button"
            type="submit"
          >
            Submit
          </button>
        </form>
      </div>
    </div>
  </body>,
  "container": <div>
    <div
      class="loginPage"
    >
      <h1>
        Login
      </h1>
      <div
        class="login__img"
      >
        <img
          alt=""
          src="./images/avatars.png"
        />
      </div>
      <form>
        <label
          for=""
        >
          User
        </label>
        <input
          data-testid="name-input"
          id="fname"
          name="fname"
          type="text"
          value="sarahedo"
        />
        <label
          for=""
        >
          Password
        </label>
        <input
          data-testid="password-input"
          id="fname"
          name="fname"
          type="text"
          value="password123"
        />
        <button
          data-testid="submit-button"
          type="submit"
        >
          Submit
        </button>
      </form>
    </div>
  </div>,
  "debug": [Function],
  "findAllByAltText": [Function],
  "findAllByDisplayValue": [Function],
  "findAllByLabelText": [Function],
  "findAllByPlaceholderText": [Function],
  "findAllByRole": [Function],
  "findAllByTestId": [Function],
  "findAllByText": [Function],
  "findAllByTitle": [Function],
  "findByAltText": [Function],
  "findByDisplayValue": [Function],
  "findByLabelText": [Function],
  "findByPlaceholderText": [Function],
  "findByRole": [Function],
  "findByTestId": [Function],
  "findByText": [Function],
  "findByTitle": [Function],
  "getAllByAltText": [Function],
  "getAllByDisplayValue": [Function],
  "getAllByLabelText": [Function],
  "getAllByPlaceholderText": [Function],
  "getAllByRole": [Function],
  "getAllByTestId": [Function],
  "getAllByText": [Function],
  "getAllByTitle": [Function],
  "getByAltText": [Function],
  "getByDisplayValue": [Function],
  "getByLabelText": [Function],
  "getByPlaceholderText": [Function],
  "getByRole": [Function],
  "getByTestId": [Function],
  "getByText": [Function],
  "getByTitle": [Function],
  "queryAllByAltText": [Function],
  "queryAllByDisplayValue": [Function],
  "queryAllByLabelText": [Function],
  "queryAllByPlaceholderText": [Function],
  "queryAllByRole": [Function],
  "queryAllByTestId": [Function],
  "queryAllByText": [Function],
  "queryAllByTitle": [Function],
  "queryByAltText": [Function],
  "queryByDisplayValue": [Function],
  "queryByLabelText": [Function],
  "queryByPlaceholderText": [Function],
  "queryByRole": [Function],
  "queryByTestId": [Function],
  "queryByText": [Function],
  "queryByTitle": [Function],
  "rerender": [Function],
  "unmount": [Function],
}
`;
